#-----------------------------------------------------------
# Webtalk v2018.2 (64-bit)
# SW Build 2258646 on Thu Jun 14 20:02:38 MDT 2018
# IP Build 2256618 on Thu Jun 14 22:10:49 MDT 2018
# Start of session at: Fri Sep 28 17:04:38 2018
# Process ID: 28649
# Current directory: /home/jonathan/VivadoProjects/00_WATCHMANN/RealTB_AXI_Stream/XilinxBuild/RealTB_AXI_Stream.tmp/AXIS_Test_Component_v1_0_project/AXIS_Test_Component_v1_0_project.sim/sim_1/behav/xsim
# Command line: wbtcv -mode batch -source /home/jonathan/VivadoProjects/00_WATCHMANN/RealTB_AXI_Stream/XilinxBuild/RealTB_AXI_Stream.tmp/AXIS_Test_Component_v1_0_project/AXIS_Test_Component_v1_0_project.sim/sim_1/behav/xsim/xsim.dir/TB_AXIS_Peripheral_behav/webtalk/xsim_webtalk.tcl -notrace
# Log file: /home/jonathan/VivadoProjects/00_WATCHMANN/RealTB_AXI_Stream/XilinxBuild/RealTB_AXI_Stream.tmp/AXIS_Test_Component_v1_0_project/AXIS_Test_Component_v1_0_project.sim/sim_1/behav/xsim/webtalk.log
# Journal file: /home/jonathan/VivadoProjects/00_WATCHMANN/RealTB_AXI_Stream/XilinxBuild/RealTB_AXI_Stream.tmp/AXIS_Test_Component_v1_0_project/AXIS_Test_Component_v1_0_project.sim/sim_1/behav/xsim/webtalk.jou
#-----------------------------------------------------------
source /home/jonathan/VivadoProjects/00_WATCHMANN/RealTB_AXI_Stream/XilinxBuild/RealTB_AXI_Stream.tmp/AXIS_Test_Component_v1_0_project/AXIS_Test_Component_v1_0_project.sim/sim_1/behav/xsim/xsim.dir/TB_AXIS_Peripheral_behav/webtalk/xsim_webtalk.tcl -notrace
