#-----------------------------------------------------------
# Vivado v2018.2 (64-bit)
# SW Build 2258646 on Thu Jun 14 20:02:38 MDT 2018
# IP Build 2256618 on Thu Jun 14 22:10:49 MDT 2018
# Start of session at: Tue Oct 16 11:05:13 2018
# Process ID: 15065
# Current directory: /home/jonathan/GitProjects/WATCHMAN/Vivado_Projects/RealTB_AXI_Stream/XilinxBuild/RealTB_AXI_Stream.runs/base_zynq_processing_system7_0_0_synth_1
# Command line: vivado -log base_zynq_processing_system7_0_0.vds -product Vivado -mode batch -messageDb vivado.pb -notrace -source base_zynq_processing_system7_0_0.tcl
# Log file: /home/jonathan/GitProjects/WATCHMAN/Vivado_Projects/RealTB_AXI_Stream/XilinxBuild/RealTB_AXI_Stream.runs/base_zynq_processing_system7_0_0_synth_1/base_zynq_processing_system7_0_0.vds
# Journal file: /home/jonathan/GitProjects/WATCHMAN/Vivado_Projects/RealTB_AXI_Stream/XilinxBuild/RealTB_AXI_Stream.runs/base_zynq_processing_system7_0_0_synth_1/vivado.jou
#-----------------------------------------------------------
source base_zynq_processing_system7_0_0.tcl -notrace
